2021-12-08 14:07:08,707 - Check_Targets - INFO - Command Options: [('-t', 'Database')]  Arguments: [] 
2021-12-08 14:07:08,708 - Check_Targets - INFO - Running CheckTargets.py with TARGETTYPE=Database VENDOR=% FREQUENCY=HOURLY CHECKTYPE=%
2021-12-08 14:07:08,709 - Check_Targets - INFO - Check Query: select check_command, check_type, result_column, handler, sub_type from checklist where 1=1  and frequency = 'HOURLY'  order by handler, priority
2021-12-08 14:07:08,710 - Check_Targets - INFO - Target Query: select inventory_id, instance_name, owner, home_dir, hostname, target_type, sub_type from target where decommissioned is null  and target_type = 'Database' order by inventory_id
2021-12-08 14:09:08,870 - Check_Targets - INFO - Command Options: [('-t', 'Database')]  Arguments: [] 
2021-12-08 14:09:08,872 - Check_Targets - INFO - Running CheckTargets.py with TARGETTYPE=Database VENDOR=% FREQUENCY=HOURLY CHECKTYPE=%
2021-12-08 14:09:08,872 - Check_Targets - INFO - Check Query: select check_command, check_type, result_column, handler, sub_type from checklist where 1=1  and frequency = 'HOURLY'  order by handler, priority
2021-12-08 14:09:08,874 - Check_Targets - INFO - Target Query: select inventory_id, instance_name, owner, home_dir, hostname, target_type, sub_type from targets where decommissioned is null  and target_type = 'Database' order by inventory_id
2021-12-08 14:09:08,902 - Check_Targets - DEBUG - # of Targets: 0
2021-12-08 14:09:08,905 - Check_Targets - INFO - All Checks: []
2021-12-08 14:09:08,906 - Check_Targets - INFO - Completed running CheckTargets.py with target_type=Database vendor=% frequency=HOURLY check_type=%
2021-12-08 14:09:08,907 - Check_Targets - INFO - ====================================================================================
2021-12-08 15:15:17,967 - Check_Targets - INFO - Command Options: [('-t', 'Database')]  Arguments: [] 
2021-12-08 15:15:17,969 - Check_Targets - INFO - Running CheckTargets.py with TARGETTYPE=Database VENDOR=% FREQUENCY=HOURLY CHECKTYPE=%
2021-12-08 15:15:17,969 - Check_Targets - INFO - Check Query: select check_command, check_type, result_column, handler, sub_type from checklist where 1=1  and frequency = 'HOURLY'  order by handler, priority
2021-12-08 15:15:17,970 - Check_Targets - INFO - Target Query: select inventory_id, instance_name, owner, home_dir, hostname, target_type, sub_type from targets where decommissioned is null  and target_type = 'Database' order by inventory_id
2021-12-08 15:15:17,995 - Check_Targets - DEBUG - # of Targets: 1
2021-12-08 15:15:17,999 - Check_Targets - INFO - All Checks: []
2021-12-08 15:15:17,999 - Check_Targets - DEBUG - inventory_id: 1 instance_name: 1 owner: 1 home_dir: 1 hostname: 1 target_type: Database target_sub_type: None
2021-12-08 15:18:41,955 - Check_Targets - INFO - Command Options: [('-t', 'Database')]  Arguments: [] 
2021-12-08 15:18:41,957 - Check_Targets - INFO - Running CheckTargets.py with TARGETTYPE=Database VENDOR=% FREQUENCY=HOURLY CHECKTYPE=%
2021-12-08 15:18:41,957 - Check_Targets - INFO - Check Query: select check_command, check_type, result_column, handler, sub_type from checklist where 1=1  and frequency = 'HOURLY'  order by handler, priority
2021-12-08 15:18:41,958 - Check_Targets - INFO - Target Query: select inventory_id, instance_name, owner, home_dir, hostname, target_type, sub_type from targets where decommissioned is null  and target_type = 'Database' order by inventory_id
2021-12-08 15:18:41,983 - Check_Targets - DEBUG - # of Targets: 1
2021-12-08 15:18:41,986 - Check_Targets - INFO - All Checks: []
2021-12-08 15:18:41,987 - Check_Targets - DEBUG - inventory_id: 1 instance_name: 1 owner: 1 home_dir: 1 hostname: 1 target_type: Database target_sub_type: None
2021-12-08 15:18:41,988 - Check_Targets - INFO - Completed running CheckTargets.py with target_type=Database vendor=% frequency=HOURLY check_type=%
2021-12-08 15:18:41,988 - Check_Targets - INFO - ====================================================================================
