2022-03-08 21:10:12,021 - Notifications - DEBUG - Command Options: [('-t', 'Database'), ('-i', '1')]  Arguments: [] 
2022-03-08 21:10:12,023 - Notifications - INFO - Running notifications.py with TARGETTYPE=Database INTERVAL=1 FREQUENCY=HOURLY SUPPORT_TIER=ALL
2022-03-08 21:10:12,023 - Notifications - DEBUG - Check Query: select threshold, result_column from notifications where 1=1 
2022-03-08 21:10:12,023 - Notifications - DEBUG - Scale: ALL, Inventory Query: select threshold, result_column from notifications where 1=1 
2022-03-08 21:10:12,062 - Notifications - DEBUG - Query result: []
2022-03-08 21:10:12,063 - Notifications - DEBUG - # of Checks: 0
2022-03-08 21:10:12,063 - Notifications - DEBUG - All Checks: []
2022-03-08 21:10:12,063 - Notifications - INFO - No Alerts Found for  Database in the last 1 
2022-03-08 21:10:12,063 - Notifications - INFO - Completed notifications.py with TARGETTYPE=Database INTERVAL=1 FREQUENCY=HOURLY SUPPORT_TIER=ALL
2022-03-08 21:10:12,063 - Notifications - INFO - ====================================================================================
2022-03-08 21:10:18,736 - Notifications - DEBUG - Command Options: [('-t', 'Server'), ('-i', '6')]  Arguments: [] 
2022-03-08 21:10:18,736 - Notifications - DEBUG - Command Options: [('-t', 'Server'), ('-i', '6')]  Arguments: [] 
2022-03-08 21:10:18,737 - Notifications - INFO - Running notifications.py with TARGETTYPE=Server INTERVAL=6 FREQUENCY=HOURLY SUPPORT_TIER=ALL
2022-03-08 21:10:18,737 - Notifications - INFO - Running notifications.py with TARGETTYPE=Server INTERVAL=6 FREQUENCY=HOURLY SUPPORT_TIER=ALL
2022-03-08 21:10:18,737 - Notifications - DEBUG - Check Query: select threshold, result_column from notifications where 1=1 
2022-03-08 21:10:18,737 - Notifications - DEBUG - Check Query: select threshold, result_column from notifications where 1=1 
2022-03-08 21:10:18,737 - Notifications - DEBUG - Scale: ALL, Inventory Query: select threshold, result_column from notifications where 1=1 
2022-03-08 21:10:18,737 - Notifications - DEBUG - Scale: ALL, Inventory Query: select threshold, result_column from notifications where 1=1 
2022-03-08 21:10:18,778 - Notifications - DEBUG - Query result: []
2022-03-08 21:10:18,778 - Notifications - DEBUG - Query result: []
2022-03-08 21:10:18,778 - Notifications - DEBUG - # of Checks: 0
2022-03-08 21:10:18,778 - Notifications - DEBUG - # of Checks: 0
2022-03-08 21:10:18,778 - Notifications - DEBUG - All Checks: []
2022-03-08 21:10:18,778 - Notifications - DEBUG - All Checks: []
2022-03-08 21:10:18,779 - Notifications - INFO - No Alerts Found for  Server in the last 6 
2022-03-08 21:10:18,779 - Notifications - INFO - No Alerts Found for  Server in the last 6 
2022-03-08 21:10:18,779 - Notifications - INFO - Completed notifications.py with TARGETTYPE=Server INTERVAL=6 FREQUENCY=HOURLY SUPPORT_TIER=ALL
2022-03-08 21:10:18,779 - Notifications - INFO - Completed notifications.py with TARGETTYPE=Server INTERVAL=6 FREQUENCY=HOURLY SUPPORT_TIER=ALL
2022-03-08 21:10:18,779 - Notifications - INFO - ====================================================================================
2022-03-08 21:10:18,779 - Notifications - INFO - ====================================================================================
